// Jest Snapshot v1, https://goo.gl/fbAQLP

exports[`testing App component should render correctly 1`] = `ShallowWrapper {}`;
